// Jest Snapshot v1, https://goo.gl/fbAQLP

exports[`<Main /> matches snapshot 1`] = `
<div>
  <div>
    <div
      class="header"
    >
      <h1>
        SpaceX Launch Programs
      </h1>
    </div>
    <div
      class="row"
    >
      <div
        class="col-2 menu"
      >
        <div
          class="sideFilter"
        >
          <h4>
            Filters
          </h4>
          <h5>
            <p>
              Launch Year
            </p>
          </h5>
          <span>
            <ol>
              <li>
                2006
              </li>
              <li>
                2007
              </li>
              <li>
                2008
              </li>
              <li>
                2009
              </li>
              <li>
                2010
              </li>
              <li>
                2011
              </li>
              <li>
                2012
              </li>
              <li>
                2013
              </li>
              <li>
                2014
              </li>
              <li>
                2015
              </li>
              <li>
                2016
              </li>
              <li>
                2017
              </li>
              <li>
                2018
              </li>
              <li>
                2019
              </li>
            </ol>
          </span>
          <h5>
            Successful launch
          </h5>
          <span>
            <ol>
              <li>
                True
              </li>
              <li>
                False
              </li>
            </ol>
          </span>
          <h5>
            Sucessful Landing 
          </h5>
          <span>
            <ol>
              <li>
                True
              </li>
              <li>
                False
              </li>
            </ol>
          </span>
        </div>
      </div>
      <div
        class="col-10 pgmContent"
      />
    </div>
    <footer>
      <div>
        Developed by :Sai Charan Tej
      </div>
    </footer>
  </div>
</div>
`;
